// Jest Snapshot v1, https://goo.gl/fbAQLP

exports[`Basket render should render the sum and total right 1`] = `"<div class=\\"sc-bdVaJa gdqIHp\\">You have selected: 2 books with the total price of: Â£14.49</div>"`;
